// Jest Snapshot v1, https://goo.gl/fbAQLP

exports[`All Stacks created 1`] = `
{
  "Parameters": {
    "BootstrapVersion": {
      "Default": "/cdk-bootstrap/hnb659fds/version",
      "Description": "Version of the CDK Bootstrap resources in this environment, automatically retrieved from SSM Parameter Store. [cdk:skip]",
      "Type": "AWS::SSM::Parameter::Value<String>",
    },
  },
  "Resources": {
    "appcloudtrailCBC1845F": {
      "DependsOn": [
        "appcloudtrailbucketPolicy603768EC",
        "appcloudtrailLogsRoleDefaultPolicy0B77D06D",
        "appcloudtrailLogsRole6DFA92EF",
      ],
      "Properties": {
        "CloudWatchLogsLogGroupArn": {
          "Fn::GetAtt": [
            "appcloudtrailLogGroupAFF56743",
            "Arn",
          ],
        },
        "CloudWatchLogsRoleArn": {
          "Fn::GetAtt": [
            "appcloudtrailLogsRole6DFA92EF",
            "Arn",
          ],
        },
        "EnableLogFileValidation": true,
        "EventSelectors": [],
        "IncludeGlobalServiceEvents": true,
        "IsLogging": true,
        "IsMultiRegionTrail": true,
        "S3BucketName": {
          "Ref": "appcloudtrailbucket7C4AF267",
        },
      },
      "Type": "AWS::CloudTrail::Trail",
    },
    "appcloudtrailLogGroupAFF56743": {
      "DeletionPolicy": "Retain",
      "Properties": {
        "RetentionInDays": 30,
      },
      "Type": "AWS::Logs::LogGroup",
      "UpdateReplacePolicy": "Retain",
    },
    "appcloudtrailLogsRole6DFA92EF": {
      "Properties": {
        "AssumeRolePolicyDocument": {
          "Statement": [
            {
              "Action": "sts:AssumeRole",
              "Effect": "Allow",
              "Principal": {
                "Service": "cloudtrail.amazonaws.com",
              },
            },
          ],
          "Version": "2012-10-17",
        },
      },
      "Type": "AWS::IAM::Role",
    },
    "appcloudtrailLogsRoleDefaultPolicy0B77D06D": {
      "Properties": {
        "PolicyDocument": {
          "Statement": [
            {
              "Action": [
                "logs:PutLogEvents",
                "logs:CreateLogStream",
              ],
              "Effect": "Allow",
              "Resource": {
                "Fn::GetAtt": [
                  "appcloudtrailLogGroupAFF56743",
                  "Arn",
                ],
              },
            },
          ],
          "Version": "2012-10-17",
        },
        "PolicyName": "appcloudtrailLogsRoleDefaultPolicy0B77D06D",
        "Roles": [
          {
            "Ref": "appcloudtrailLogsRole6DFA92EF",
          },
        ],
      },
      "Type": "AWS::IAM::Policy",
    },
    "appcloudtrailbucket7C4AF267": {
      "DeletionPolicy": "Retain",
      "Properties": {
        "BucketName": "sample-log-bucket",
        "PublicAccessBlockConfiguration": {
          "BlockPublicAcls": true,
          "BlockPublicPolicy": true,
          "IgnorePublicAcls": true,
          "RestrictPublicBuckets": true,
        },
      },
      "Type": "AWS::S3::Bucket",
      "UpdateReplacePolicy": "Retain",
    },
    "appcloudtrailbucketPolicy603768EC": {
      "Properties": {
        "Bucket": {
          "Ref": "appcloudtrailbucket7C4AF267",
        },
        "PolicyDocument": {
          "Statement": [
            {
              "Action": "s3:GetBucketAcl",
              "Effect": "Allow",
              "Principal": {
                "Service": "cloudtrail.amazonaws.com",
              },
              "Resource": {
                "Fn::GetAtt": [
                  "appcloudtrailbucket7C4AF267",
                  "Arn",
                ],
              },
            },
            {
              "Action": "s3:PutObject",
              "Condition": {
                "StringEquals": {
                  "s3:x-amz-acl": "bucket-owner-full-control",
                },
              },
              "Effect": "Allow",
              "Principal": {
                "Service": "cloudtrail.amazonaws.com",
              },
              "Resource": {
                "Fn::Join": [
                  "",
                  [
                    {
                      "Fn::GetAtt": [
                        "appcloudtrailbucket7C4AF267",
                        "Arn",
                      ],
                    },
                    "/AWSLogs/",
                    {
                      "Ref": "AWS::AccountId",
                    },
                    "/*",
                  ],
                ],
              },
            },
            {
              "Action": [
                "s3:GetBucketAcl",
                "s3:PutObject",
              ],
              "Effect": "Allow",
              "Principal": {
                "Service": "cloudtrail.amazonaws.com",
              },
              "Resource": {
                "Fn::GetAtt": [
                  "appcloudtrailbucket7C4AF267",
                  "Arn",
                ],
              },
            },
          ],
          "Version": "2012-10-17",
        },
      },
      "Type": "AWS::S3::BucketPolicy",
    },
  },
  "Rules": {
    "CheckBootstrapVersion": {
      "Assertions": [
        {
          "Assert": {
            "Fn::Not": [
              {
                "Fn::Contains": [
                  [
                    "1",
                    "2",
                    "3",
                    "4",
                    "5",
                  ],
                  {
                    "Ref": "BootstrapVersion",
                  },
                ],
              },
            ],
          },
          "AssertDescription": "CDK bootstrap stack version 6 required. Please run 'cdk bootstrap' with a recent version of the CDK CLI.",
        },
      ],
    },
  },
}
`;

exports[`All Stacks created 2`] = `
{
  "Outputs": {
    "ExportsOutputFnGetAttappstoragebucket4C9F4AE1RegionalDomainNameE4668BAF": {
      "Export": {
        "Name": "app-stack-storage:ExportsOutputFnGetAttappstoragebucket4C9F4AE1RegionalDomainNameE4668BAF",
      },
      "Value": {
        "Fn::GetAtt": [
          "appstoragebucket4C9F4AE1",
          "RegionalDomainName",
        ],
      },
    },
    "ExportsOutputRefappstoragebucket4C9F4AE1FF4B51D6": {
      "Export": {
        "Name": "app-stack-storage:ExportsOutputRefappstoragebucket4C9F4AE1FF4B51D6",
      },
      "Value": {
        "Ref": "appstoragebucket4C9F4AE1",
      },
    },
  },
  "Parameters": {
    "BootstrapVersion": {
      "Default": "/cdk-bootstrap/hnb659fds/version",
      "Description": "Version of the CDK Bootstrap resources in this environment, automatically retrieved from SSM Parameter Store. [cdk:skip]",
      "Type": "AWS::SSM::Parameter::Value<String>",
    },
  },
  "Resources": {
    "appstoragebucket4C9F4AE1": {
      "DeletionPolicy": "Retain",
      "Properties": {
        "BucketEncryption": {
          "ServerSideEncryptionConfiguration": [
            {
              "ServerSideEncryptionByDefault": {
                "SSEAlgorithm": "AES256",
              },
            },
          ],
        },
        "BucketName": "sample-bucket-202303260926-jst",
        "PublicAccessBlockConfiguration": {
          "BlockPublicAcls": true,
          "BlockPublicPolicy": true,
          "IgnorePublicAcls": true,
          "RestrictPublicBuckets": true,
        },
        "VersioningConfiguration": {
          "Status": "Enabled",
        },
      },
      "Type": "AWS::S3::Bucket",
      "UpdateReplacePolicy": "Retain",
    },
  },
  "Rules": {
    "CheckBootstrapVersion": {
      "Assertions": [
        {
          "Assert": {
            "Fn::Not": [
              {
                "Fn::Contains": [
                  [
                    "1",
                    "2",
                    "3",
                    "4",
                    "5",
                  ],
                  {
                    "Ref": "BootstrapVersion",
                  },
                ],
              },
            ],
          },
          "AssertDescription": "CDK bootstrap stack version 6 required. Please run 'cdk bootstrap' with a recent version of the CDK CLI.",
        },
      ],
    },
  },
}
`;

exports[`All Stacks created 3`] = `
{
  "Parameters": {
    "BootstrapVersion": {
      "Default": "/cdk-bootstrap/hnb659fds/version",
      "Description": "Version of the CDK Bootstrap resources in this environment, automatically retrieved from SSM Parameter Store. [cdk:skip]",
      "Type": "AWS::SSM::Parameter::Value<String>",
    },
  },
  "Resources": {
    "appcloudfrontdistributionCFDistribution72D2ECCD": {
      "Properties": {
        "DistributionConfig": {
          "DefaultCacheBehavior": {
            "AllowedMethods": [
              "GET",
              "HEAD",
            ],
            "CachedMethods": [
              "GET",
              "HEAD",
            ],
            "Compress": true,
            "ForwardedValues": {
              "Cookies": {
                "Forward": "none",
              },
              "QueryString": false,
            },
            "TargetOriginId": "origin1",
            "ViewerProtocolPolicy": "redirect-to-https",
          },
          "DefaultRootObject": "index.html",
          "Enabled": true,
          "HttpVersion": "http2",
          "IPV6Enabled": true,
          "Origins": [
            {
              "ConnectionAttempts": 3,
              "ConnectionTimeout": 10,
              "DomainName": {
                "Fn::ImportValue": "app-stack-storage:ExportsOutputFnGetAttappstoragebucket4C9F4AE1RegionalDomainNameE4668BAF",
              },
              "Id": "origin1",
              "S3OriginConfig": {},
            },
          ],
          "PriceClass": "PriceClass_100",
          "ViewerCertificate": {
            "CloudFrontDefaultCertificate": true,
          },
        },
      },
      "Type": "AWS::CloudFront::Distribution",
    },
  },
  "Rules": {
    "CheckBootstrapVersion": {
      "Assertions": [
        {
          "Assert": {
            "Fn::Not": [
              {
                "Fn::Contains": [
                  [
                    "1",
                    "2",
                    "3",
                    "4",
                    "5",
                  ],
                  {
                    "Ref": "BootstrapVersion",
                  },
                ],
              },
            ],
          },
          "AssertDescription": "CDK bootstrap stack version 6 required. Please run 'cdk bootstrap' with a recent version of the CDK CLI.",
        },
      ],
    },
  },
}
`;

exports[`All Stacks created 4`] = `
{
  "Parameters": {
    "BootstrapVersion": {
      "Default": "/cdk-bootstrap/hnb659fds/version",
      "Description": "Version of the CDK Bootstrap resources in this environment, automatically retrieved from SSM Parameter Store. [cdk:skip]",
      "Type": "AWS::SSM::Parameter::Value<String>",
    },
  },
  "Resources": {
    "appnotificaitionruleguardduty9D23A371": {
      "Properties": {
        "EventPattern": {
          "detail": {
            "severity": [
              {
                "numeric": [
                  ">=",
                  4,
                ],
              },
            ],
          },
          "detail-type": [
            "GuardDuty Finding",
          ],
          "source": [
            "aws.guardduty",
          ],
        },
        "State": "ENABLED",
        "Targets": [
          {
            "Arn": {
              "Ref": "appnotificationsnstopic87519ED5",
            },
            "Id": "Target0",
          },
        ],
      },
      "Type": "AWS::Events::Rule",
    },
    "appnotificationruleuploadeventF71A2B4D": {
      "Properties": {
        "EventPattern": {
          "detail": {
            "eventName": [
              "PutObject",
              "CopyObject",
              "CompleteMultipartUpload",
            ],
            "eventSource": [
              "s3.amazonaws.com",
            ],
            "requestParameters": {
              "bucketName": [
                {
                  "Fn::ImportValue": "app-stack-storage:ExportsOutputRefappstoragebucket4C9F4AE1FF4B51D6",
                },
              ],
            },
          },
          "detail-type": [
            "AWS API Call via CloudTrail",
          ],
          "source": [
            "aws.s3",
          ],
        },
        "State": "ENABLED",
        "Targets": [
          {
            "Arn": {
              "Ref": "appnotificationsnstopic87519ED5",
            },
            "Id": "Target0",
          },
        ],
      },
      "Type": "AWS::Events::Rule",
    },
    "appnotificationsnstopic87519ED5": {
      "Type": "AWS::SNS::Topic",
    },
    "appnotificationsnstopicPolicyD8639FD0": {
      "Properties": {
        "PolicyDocument": {
          "Statement": [
            {
              "Action": "sns:Publish",
              "Effect": "Allow",
              "Principal": {
                "Service": "events.amazonaws.com",
              },
              "Resource": {
                "Ref": "appnotificationsnstopic87519ED5",
              },
              "Sid": "0",
            },
          ],
          "Version": "2012-10-17",
        },
        "Topics": [
          {
            "Ref": "appnotificationsnstopic87519ED5",
          },
        ],
      },
      "Type": "AWS::SNS::TopicPolicy",
    },
    "appnotificationsnstopicexamplesamplecomB061B6D8": {
      "Properties": {
        "Endpoint": "example@sample.com",
        "Protocol": "email",
        "TopicArn": {
          "Ref": "appnotificationsnstopic87519ED5",
        },
      },
      "Type": "AWS::SNS::Subscription",
    },
    "appnotificiationguardduty": {
      "Properties": {
        "Enable": true,
      },
      "Type": "AWS::GuardDuty::Detector",
    },
  },
  "Rules": {
    "CheckBootstrapVersion": {
      "Assertions": [
        {
          "Assert": {
            "Fn::Not": [
              {
                "Fn::Contains": [
                  [
                    "1",
                    "2",
                    "3",
                    "4",
                    "5",
                  ],
                  {
                    "Ref": "BootstrapVersion",
                  },
                ],
              },
            ],
          },
          "AssertDescription": "CDK bootstrap stack version 6 required. Please run 'cdk bootstrap' with a recent version of the CDK CLI.",
        },
      ],
    },
  },
}
`;
